2026-05-27 15:43:43, Info                  CBS    TI: --- Initializing Trusted Installer ---
2026-05-27 15:43:43, Info                  CBS    TI: Last boot time: 2026-05-23 10:37:55.714
2026-05-27 15:43:43, Info                  CBS    Starting TrustedInstaller initialization.
2026-05-27 15:43:43, Info                  CBS    Lock: New lock added: CCbsPublicSessionClassFactory, level: 30, total lock:4
thisisatestlogforthemalformedlines.12345678910987654321
2026-05-27 15:43:43, Info                  CBS    Lock: New lock added: CCbsPublicSessionClassFactory, level: 30, total lock:5
2026-05-27 15:43:43, Info                  CBS    Lock: New lock added: WinlogonNotifyLock, level: 8, total lock:6
2026-05-27 15:43:43, Info                  CBS    Ending TrustedInstaller initialization.
2026-05-27 15:43:43, Info                  CBS    Starting the TrustedInstaller main loop.
2026-05-27 15:43:43, Info                  CBS    TrustedInstaller service starts successfully.
2026-05-27 15:43:43, Info                  CBS    No startup processing required, TrustedInstaller service was not set as autostart
2026-05-27 15:43:43, Info                  CBS    Startup processing thread terminated normally
2026-05-27 15:43:43, Info                  CBS    TI: Startup Processing completes, release startup processing lock.
2026-05-27 15:43:43, Info                  CBS    Starting TiWorker initialization.
2026-05-27 15:43:43, Info                  CBS    Lock: New lock added: TiWorkerClassFactory, level: 30, total lock:2
2026-05-27 15:43:43, Info                  CBS    Ending TiWorker initialization.
